[     669ms] [INFO] %cDownload the React DevTools for a better development experience: https://react.dev/link/react-devtools font-weight:bold @ http://localhost:3000/_next/static/chunks/node_modules_next_dist_1ybzpk2._.js:2477
[    1002ms] [LOG] [HMR] connected @ http://localhost:3000/_next/static/chunks/node_modules_next_dist_1ybzpk2._.js:2477
[    1006ms] [WARNING] %c%s%c ⚠ Unsupported metadata themeColor is configured in metadata export in /. Please move it to viewport export instead.
Read more: https://nextjs.org/docs/app/api-reference/functions/generate-viewport background: #e6e6e6;background: light-dark(rgba(0,0,0,0.1), rgba(255,255,255,0.25));color: #000000;color: light-dark(#000000, #ffffff);border-radius: 2px  Server   @ http://localhost:3000/_next/static/chunks/node_modules_next_dist_1ybzpk2._.js:2477
[    1140ms] [ERROR] Failed to load resource: net::ERR_FAILED @ https://dummy-local.supabase.co/rest/v1/food_preferences?select=food_name&preference_type=eq.like&limit=500&created_at=gte.2026-08-20T07%3A05%3A23.633Z:0
[    1140ms] [ERROR] Failed to load resource: net::ERR_FAILED @ https://dummy-local.supabase.co/rest/v1/groups?select=id%2Cname%2Cdescription%2Cis_private%2Crequire_auth%2Crequires_approval%2Cowner_id%2Cowner_guest_name%2Cemoji%2Cimage_url%2Ccreated_at&is_private=eq.false&order=created_at.desc&limit=20:0
[    1140ms] [ERROR] Failed to load resource: net::ERR_FAILED @ https://dummy-local.supabase.co/rest/v1/groups?select=id%2Cname%2Cdescription%2Cis_private%2Crequire_auth%2Crequires_approval%2Cowner_id%2Cowner_guest_name%2Cemoji%2Cimage_url%2Ccreated_at&order=created_at.desc:0
[    1141ms] [ERROR] Failed to load resource: net::ERR_FAILED @ https://dummy-local.supabase.co/rest/v1/menu_ingredients?select=menu_name%2Cingredient%2Cseverity&confirmed=eq.true:0
[    1141ms] [ERROR] Failed to load resource: net::ERR_FAILED @ https://dummy-local.supabase.co/rest/v1/menu_battles?select=*&date=eq.2026-08-27:0
[    1201ms] [LOG] [Fast Refresh] rebuilding @ http://localhost:3000/_next/static/chunks/node_modules_next_dist_1ybzpk2._.js:2477
[    1277ms] [ERROR] Failed to load resource: the server responded with a status of 500 (Internal Server Error) @ http://localhost:3000/api/admin/home-settings:0
[    1278ms] [LOG] [Fast Refresh] done in 178ms @ http://localhost:3000/_next/static/chunks/node_modules_next_dist_1ybzpk2._.js:2477
[    1294ms] [INFO] Banner not shown: beforeinstallpromptevent.preventDefault() called. The page must call beforeinstallpromptevent.prompt() to show the banner. @ http://localhost:3000/:0
[    2179ms] [ERROR] Failed to load resource: net::ERR_FAILED @ https://dummy-local.supabase.co/rest/v1/food_preferences?select=food_name&preference_type=eq.like&limit=500&created_at=gte.2026-08-20T07%3A05%3A23.633Z:0
[    2180ms] [ERROR] Failed to load resource: net::ERR_FAILED @ https://dummy-local.supabase.co/rest/v1/menu_ingredients?select=menu_name%2Cingredient%2Cseverity&confirmed=eq.true:0
[    2180ms] [ERROR] Failed to load resource: net::ERR_FAILED @ https://dummy-local.supabase.co/rest/v1/menu_battles?select=*&date=eq.2026-08-27:0
[    2180ms] [ERROR] Failed to load resource: net::ERR_FAILED @ https://dummy-local.supabase.co/rest/v1/groups?select=id%2Cname%2Cdescription%2Cis_private%2Crequire_auth%2Crequires_approval%2Cowner_id%2Cowner_guest_name%2Cemoji%2Cimage_url%2Ccreated_at&order=created_at.desc:0
[    2180ms] [ERROR] Failed to load resource: net::ERR_FAILED @ https://dummy-local.supabase.co/rest/v1/groups?select=id%2Cname%2Cdescription%2Cis_private%2Crequire_auth%2Crequires_approval%2Cowner_id%2Cowner_guest_name%2Cemoji%2Cimage_url%2Ccreated_at&is_private=eq.false&order=created_at.desc&limit=20:0
[    4198ms] [ERROR] Failed to load resource: net::ERR_FAILED @ https://dummy-local.supabase.co/rest/v1/groups?select=id%2Cname%2Cdescription%2Cis_private%2Crequire_auth%2Crequires_approval%2Cowner_id%2Cowner_guest_name%2Cemoji%2Cimage_url%2Ccreated_at&is_private=eq.false&order=created_at.desc&limit=20:0
[    4198ms] [ERROR] Failed to load resource: net::ERR_FAILED @ https://dummy-local.supabase.co/rest/v1/menu_ingredients?select=menu_name%2Cingredient%2Cseverity&confirmed=eq.true:0
[    4198ms] [ERROR] Failed to load resource: net::ERR_FAILED @ https://dummy-local.supabase.co/rest/v1/groups?select=id%2Cname%2Cdescription%2Cis_private%2Crequire_auth%2Crequires_approval%2Cowner_id%2Cowner_guest_name%2Cemoji%2Cimage_url%2Ccreated_at&order=created_at.desc:0
[    4198ms] [ERROR] Failed to load resource: net::ERR_FAILED @ https://dummy-local.supabase.co/rest/v1/menu_battles?select=*&date=eq.2026-08-27:0
[    4198ms] [ERROR] Failed to load resource: net::ERR_FAILED @ https://dummy-local.supabase.co/rest/v1/food_preferences?select=food_name&preference_type=eq.like&limit=500&created_at=gte.2026-08-20T07%3A05%3A23.633Z:0
[    8223ms] [ERROR] Failed to load resource: net::ERR_FAILED @ https://dummy-local.supabase.co/rest/v1/groups?select=id%2Cname%2Cdescription%2Cis_private%2Crequire_auth%2Crequires_approval%2Cowner_id%2Cowner_guest_name%2Cemoji%2Cimage_url%2Ccreated_at&is_private=eq.false&order=created_at.desc&limit=20:0
[    8223ms] [ERROR] Failed to load resource: net::ERR_FAILED @ https://dummy-local.supabase.co/rest/v1/menu_ingredients?select=menu_name%2Cingredient%2Cseverity&confirmed=eq.true:0
[    8223ms] [ERROR] Failed to load resource: net::ERR_FAILED @ https://dummy-local.supabase.co/rest/v1/groups?select=id%2Cname%2Cdescription%2Cis_private%2Crequire_auth%2Crequires_approval%2Cowner_id%2Cowner_guest_name%2Cemoji%2Cimage_url%2Ccreated_at&order=created_at.desc:0
[    8223ms] [ERROR] Failed to load resource: net::ERR_FAILED @ https://dummy-local.supabase.co/rest/v1/menu_battles?select=*&date=eq.2026-08-27:0
[    8224ms] [ERROR] Failed to load resource: net::ERR_FAILED @ https://dummy-local.supabase.co/rest/v1/food_preferences?select=food_name&preference_type=eq.like&limit=500&created_at=gte.2026-08-20T07%3A05%3A23.633Z:0
[    8240ms] [ERROR] Failed to load resource: net::ERR_NAME_NOT_RESOLVED @ https://dummy-local.supabase.co/rest/v1/menu_battles?select=*:0
[    8240ms] [ERROR] Failed to load resource: net::ERR_FAILED @ https://dummy-local.supabase.co/rest/v1/worldcup_selections?select=winner&limit=1000&created_at=gte.2026-08-20T07%3A05%3A23.633Z:0
[    9259ms] [ERROR] Failed to load resource: net::ERR_FAILED @ https://dummy-local.supabase.co/rest/v1/worldcup_selections?select=winner&limit=1000&created_at=gte.2026-08-20T07%3A05%3A23.633Z:0
[   11279ms] [ERROR] Failed to load resource: net::ERR_FAILED @ https://dummy-local.supabase.co/rest/v1/worldcup_selections?select=winner&limit=1000&created_at=gte.2026-08-20T07%3A05%3A23.633Z:0
[   15297ms] [ERROR] Failed to load resource: net::ERR_FAILED @ https://dummy-local.supabase.co/rest/v1/worldcup_selections?select=winner&limit=1000&created_at=gte.2026-08-20T07%3A05%3A23.633Z:0
[   15310ms] [ERROR] Failed to load resource: net::ERR_FAILED @ https://dummy-local.supabase.co/rest/v1/worldcup_selections?select=winner&is_final=eq.true&limit=200&created_at=gte.2026-08-20T07%3A05%3A23.633Z:0
[   16328ms] [ERROR] Failed to load resource: net::ERR_FAILED @ https://dummy-local.supabase.co/rest/v1/worldcup_selections?select=winner&is_final=eq.true&limit=200&created_at=gte.2026-08-20T07%3A05%3A23.633Z:0
[   18345ms] [ERROR] Failed to load resource: net::ERR_FAILED @ https://dummy-local.supabase.co/rest/v1/worldcup_selections?select=winner&is_final=eq.true&limit=200&created_at=gte.2026-08-20T07%3A05%3A23.633Z:0
[   22362ms] [ERROR] Failed to load resource: net::ERR_FAILED @ https://dummy-local.supabase.co/rest/v1/worldcup_selections?select=winner&is_final=eq.true&limit=200&created_at=gte.2026-08-20T07%3A05%3A23.633Z:0
[   22375ms] [ERROR] Failed to load resource: net::ERR_FAILED @ https://dummy-local.supabase.co/rest/v1/food_events?select=food_name&event_type=eq.nearby_search&limit=500&created_at=gte.2026-08-20T07%3A05%3A23.633Z:0
[   23394ms] [ERROR] Failed to load resource: net::ERR_FAILED @ https://dummy-local.supabase.co/rest/v1/food_events?select=food_name&event_type=eq.nearby_search&limit=500&created_at=gte.2026-08-20T07%3A05%3A23.633Z:0
[   25410ms] [ERROR] Failed to load resource: net::ERR_FAILED @ https://dummy-local.supabase.co/rest/v1/food_events?select=food_name&event_type=eq.nearby_search&limit=500&created_at=gte.2026-08-20T07%3A05%3A23.633Z:0
[   29427ms] [ERROR] Failed to load resource: net::ERR_FAILED @ https://dummy-local.supabase.co/rest/v1/food_events?select=food_name&event_type=eq.nearby_search&limit=500&created_at=gte.2026-08-20T07%3A05%3A23.633Z:0
[ 4264262ms] [LOG] [Fast Refresh] rebuilding @ http://localhost:3000/_next/static/chunks/node_modules_next_dist_1ybzpk2._.js:2477
[ 4264380ms] [LOG] [Fast Refresh] done in 184ms @ http://localhost:3000/_next/static/chunks/node_modules_next_dist_1ybzpk2._.js:2477
