[     866ms] [INFO] %cDownload the React DevTools for a better development experience: https://react.dev/link/react-devtools font-weight:bold @ http://localhost:3000/_next/static/chunks/node_modules_next_dist_1ybzpk2._.js:2477
[     910ms] [LOG] [HMR] connected @ http://localhost:3000/_next/static/chunks/node_modules_next_dist_1ybzpk2._.js:2477
[     916ms] [WARNING] %c%s%c ⚠ Unsupported metadata themeColor is configured in metadata export in /. Please move it to viewport export instead.
Read more: https://nextjs.org/docs/app/api-reference/functions/generate-viewport background: #e6e6e6;background: light-dark(rgba(0,0,0,0.1), rgba(255,255,255,0.25));color: #000000;color: light-dark(#000000, #ffffff);border-radius: 2px  Server   @ http://localhost:3000/_next/static/chunks/node_modules_next_dist_1ybzpk2._.js:2477
[    1028ms] [ERROR] Failed to load resource: net::ERR_FAILED @ https://dummy-local.supabase.co/rest/v1/menu_battles?select=*&date=eq.2026-08-27:0
[    1028ms] [ERROR] Failed to load resource: net::ERR_FAILED @ https://dummy-local.supabase.co/rest/v1/menu_ingredients?select=menu_name%2Cingredient%2Cseverity&confirmed=eq.true:0
[    1028ms] [ERROR] Failed to load resource: net::ERR_FAILED @ https://dummy-local.supabase.co/rest/v1/groups?select=id%2Cname%2Cdescription%2Cis_private%2Crequire_auth%2Crequires_approval%2Cowner_id%2Cowner_guest_name%2Cemoji%2Cimage_url%2Ccreated_at&order=created_at.desc:0
[    1028ms] [ERROR] Failed to load resource: net::ERR_FAILED @ https://dummy-local.supabase.co/rest/v1/food_preferences?select=food_name&preference_type=eq.like&limit=500&created_at=gte.2026-08-20T08%3A16%3A32.545Z:0
[    1028ms] [ERROR] Failed to load resource: net::ERR_FAILED @ https://dummy-local.supabase.co/rest/v1/groups?select=id%2Cname%2Cdescription%2Cis_private%2Crequire_auth%2Crequires_approval%2Cowner_id%2Cowner_guest_name%2Cemoji%2Cimage_url%2Ccreated_at&is_private=eq.false&order=created_at.desc&limit=20:0
[    1065ms] [ERROR] Failed to load resource: the server responded with a status of 500 (Internal Server Error) @ http://localhost:3000/api/admin/home-settings:0
[    1342ms] [LOG] [Fast Refresh] rebuilding @ http://localhost:3000/_next/static/chunks/node_modules_next_dist_1ybzpk2._.js:2477
[    1598ms] [LOG] [Fast Refresh] done in 356ms @ http://localhost:3000/_next/static/chunks/node_modules_next_dist_1ybzpk2._.js:2477
[    2046ms] [ERROR] Failed to load resource: net::ERR_FAILED @ https://dummy-local.supabase.co/rest/v1/groups?select=id%2Cname%2Cdescription%2Cis_private%2Crequire_auth%2Crequires_approval%2Cowner_id%2Cowner_guest_name%2Cemoji%2Cimage_url%2Ccreated_at&order=created_at.desc:0
[    2046ms] [ERROR] Failed to load resource: net::ERR_FAILED @ https://dummy-local.supabase.co/rest/v1/food_preferences?select=food_name&preference_type=eq.like&limit=500&created_at=gte.2026-08-20T08%3A16%3A32.545Z:0
[    2047ms] [ERROR] Failed to load resource: net::ERR_FAILED @ https://dummy-local.supabase.co/rest/v1/groups?select=id%2Cname%2Cdescription%2Cis_private%2Crequire_auth%2Crequires_approval%2Cowner_id%2Cowner_guest_name%2Cemoji%2Cimage_url%2Ccreated_at&is_private=eq.false&order=created_at.desc&limit=20:0
[    2047ms] [ERROR] Failed to load resource: net::ERR_FAILED @ https://dummy-local.supabase.co/rest/v1/menu_ingredients?select=menu_name%2Cingredient%2Cseverity&confirmed=eq.true:0
[    2047ms] [ERROR] Failed to load resource: net::ERR_FAILED @ https://dummy-local.supabase.co/rest/v1/menu_battles?select=*&date=eq.2026-08-27:0
[    4064ms] [ERROR] Failed to load resource: net::ERR_FAILED @ https://dummy-local.supabase.co/rest/v1/menu_battles?select=*&date=eq.2026-08-27:0
[    4064ms] [ERROR] Failed to load resource: net::ERR_FAILED @ https://dummy-local.supabase.co/rest/v1/groups?select=id%2Cname%2Cdescription%2Cis_private%2Crequire_auth%2Crequires_approval%2Cowner_id%2Cowner_guest_name%2Cemoji%2Cimage_url%2Ccreated_at&is_private=eq.false&order=created_at.desc&limit=20:0
[    4064ms] [ERROR] Failed to load resource: net::ERR_FAILED @ https://dummy-local.supabase.co/rest/v1/food_preferences?select=food_name&preference_type=eq.like&limit=500&created_at=gte.2026-08-20T08%3A16%3A32.545Z:0
[    4064ms] [ERROR] Failed to load resource: net::ERR_FAILED @ https://dummy-local.supabase.co/rest/v1/menu_ingredients?select=menu_name%2Cingredient%2Cseverity&confirmed=eq.true:0
[    4064ms] [ERROR] Failed to load resource: net::ERR_FAILED @ https://dummy-local.supabase.co/rest/v1/groups?select=id%2Cname%2Cdescription%2Cis_private%2Crequire_auth%2Crequires_approval%2Cowner_id%2Cowner_guest_name%2Cemoji%2Cimage_url%2Ccreated_at&order=created_at.desc:0
[    8085ms] [ERROR] Failed to load resource: net::ERR_FAILED @ https://dummy-local.supabase.co/rest/v1/menu_battles?select=*&date=eq.2026-08-27:0
[    8086ms] [ERROR] Failed to load resource: net::ERR_FAILED @ https://dummy-local.supabase.co/rest/v1/menu_ingredients?select=menu_name%2Cingredient%2Cseverity&confirmed=eq.true:0
[    8086ms] [ERROR] Failed to load resource: net::ERR_FAILED @ https://dummy-local.supabase.co/rest/v1/groups?select=id%2Cname%2Cdescription%2Cis_private%2Crequire_auth%2Crequires_approval%2Cowner_id%2Cowner_guest_name%2Cemoji%2Cimage_url%2Ccreated_at&order=created_at.desc:0
[    8086ms] [ERROR] Failed to load resource: net::ERR_FAILED @ https://dummy-local.supabase.co/rest/v1/food_preferences?select=food_name&preference_type=eq.like&limit=500&created_at=gte.2026-08-20T08%3A16%3A32.545Z:0
[    8087ms] [ERROR] Failed to load resource: net::ERR_FAILED @ https://dummy-local.supabase.co/rest/v1/groups?select=id%2Cname%2Cdescription%2Cis_private%2Crequire_auth%2Crequires_approval%2Cowner_id%2Cowner_guest_name%2Cemoji%2Cimage_url%2Ccreated_at&is_private=eq.false&order=created_at.desc&limit=20:0
[    8106ms] [ERROR] Failed to load resource: net::ERR_NAME_NOT_RESOLVED @ https://dummy-local.supabase.co/rest/v1/menu_battles?select=*:0
[    8107ms] [ERROR] Failed to load resource: net::ERR_FAILED @ https://dummy-local.supabase.co/rest/v1/worldcup_selections?select=winner&limit=1000&created_at=gte.2026-08-20T08%3A16%3A32.545Z:0
[    9122ms] [ERROR] Failed to load resource: net::ERR_FAILED @ https://dummy-local.supabase.co/rest/v1/worldcup_selections?select=winner&limit=1000&created_at=gte.2026-08-20T08%3A16%3A32.545Z:0
[   11138ms] [ERROR] Failed to load resource: net::ERR_FAILED @ https://dummy-local.supabase.co/rest/v1/worldcup_selections?select=winner&limit=1000&created_at=gte.2026-08-20T08%3A16%3A32.545Z:0
[   15161ms] [ERROR] Failed to load resource: net::ERR_FAILED @ https://dummy-local.supabase.co/rest/v1/worldcup_selections?select=winner&limit=1000&created_at=gte.2026-08-20T08%3A16%3A32.545Z:0
[   15178ms] [ERROR] Failed to load resource: net::ERR_FAILED @ https://dummy-local.supabase.co/rest/v1/worldcup_selections?select=winner&is_final=eq.true&limit=200&created_at=gte.2026-08-20T08%3A16%3A32.545Z:0
[   16193ms] [ERROR] Failed to load resource: net::ERR_FAILED @ https://dummy-local.supabase.co/rest/v1/worldcup_selections?select=winner&is_final=eq.true&limit=200&created_at=gte.2026-08-20T08%3A16%3A32.545Z:0
[   18219ms] [ERROR] Failed to load resource: net::ERR_FAILED @ https://dummy-local.supabase.co/rest/v1/worldcup_selections?select=winner&is_final=eq.true&limit=200&created_at=gte.2026-08-20T08%3A16%3A32.545Z:0
[   22236ms] [ERROR] Failed to load resource: net::ERR_FAILED @ https://dummy-local.supabase.co/rest/v1/worldcup_selections?select=winner&is_final=eq.true&limit=200&created_at=gte.2026-08-20T08%3A16%3A32.545Z:0
[   22247ms] [ERROR] Failed to load resource: net::ERR_FAILED @ https://dummy-local.supabase.co/rest/v1/food_events?select=food_name&event_type=eq.nearby_search&limit=500&created_at=gte.2026-08-20T08%3A16%3A32.545Z:0
[   23265ms] [ERROR] Failed to load resource: net::ERR_FAILED @ https://dummy-local.supabase.co/rest/v1/food_events?select=food_name&event_type=eq.nearby_search&limit=500&created_at=gte.2026-08-20T08%3A16%3A32.545Z:0
[   25287ms] [ERROR] Failed to load resource: net::ERR_FAILED @ https://dummy-local.supabase.co/rest/v1/food_events?select=food_name&event_type=eq.nearby_search&limit=500&created_at=gte.2026-08-20T08%3A16%3A32.545Z:0
[   29300ms] [ERROR] Failed to load resource: net::ERR_FAILED @ https://dummy-local.supabase.co/rest/v1/food_events?select=food_name&event_type=eq.nearby_search&limit=500&created_at=gte.2026-08-20T08%3A16%3A32.545Z:0
